g++ -std=c++11 -fopenmp -O3 -g -o prf DecisionTreeRepr.h ParallelRandomForest.cpp main.cpp
